A51 MACRO ASSEMBLER  DET                                                                  01/16/2023 19:22:53 PAGE     1


MACRO ASSEMBLER A51 V8.2.7.0
OBJECT MODULE PLACED IN .\Objects\DET.obj
ASSEMBLER INVOKED BY: C:\Keil_v5\C51\BIN\A51.EXE DET.asm SET(SMALL) DEBUG PRINT(.\Listings\DET.lst) OBJECT(.\Objects\DET
                      .obj) EP

LOC  OBJ            LINE     SOURCE

0000                   1     ORG 0H
0000 020100            2     LJMP MAIN
0100                   3     ORG 100H
0100                   4     MAIN:
0100 3130              5     CALL DET
0102 80FE              6     HERE: SJMP HERE
0130                   7     ORG 130H
                       8     
0130                   9     DET:
                      10     
0130 E561             11     MOV A, 61H
0132 8562F0           12     MOV B, 62H
0135 A4               13     MUL AB           
0136 ACF0             14     MOV R4, B        
0138 FD               15     MOV R5, A        
0139 E560             16     MOV A, 60H
013B 8563F0           17     MOV B, 63H
013E A4               18     MUL AB           
013F AAF0             19     MOV R2, B   
0141 C3               20     CLR C
0142 9D               21     SUBB A, R5  
0143 F571             22     MOV 71H, A
0145 EA               23     MOV A, R2 
0146 9C               24     SUBB A, R4  
0147 F570             25     MOV 70H, A
0149 22               26     RET 
                      27     END
A51 MACRO ASSEMBLER  DET                                                                  01/16/2023 19:22:53 PAGE     2

SYMBOL TABLE LISTING
------ ----- -------


N A M E             T Y P E  V A L U E   ATTRIBUTES

B. . . . . . . . .  D ADDR   00F0H   A   
DET. . . . . . . .  C ADDR   0130H   A   
HERE . . . . . . .  C ADDR   0102H   A   
MAIN . . . . . . .  C ADDR   0100H   A   


REGISTER BANK(S) USED: 0 


ASSEMBLY COMPLETE.  0 WARNING(S), 0 ERROR(S)
