A51 MACRO ASSEMBLER  SORT                                                                 01/17/2023 13:37:49 PAGE     1


MACRO ASSEMBLER A51 V8.2.7.0
NO OBJECT MODULE REQUESTED
ASSEMBLER INVOKED BY: C:\Keil_v5\C51\BIN\A51.EXE SORT.asm SET(SMALL) DEBUG PRINT(.\Listings\SORT.lst) OBJECT(.\Objects\S
                      ORT.obj) EP

LOC  OBJ            LINE     SOURCE

0000                   1     ORG 0H
0000 020100            2     LJMP MAIN
0100                   3     ORG 100H
0100                   4     MAIN: 
0100 3130              5     CALL: SORT
*** _________________________^
*** ERROR #A5 IN 5 (SORT.asm, LINE 5): ILLEGAL USE OF A RESERVED WORD
0102 80FE              6     HERE: SJMP HERE
0130                   7     ORG 130H
                       8     
0130                   9     SORT:
0130 7A60             10     MOV R2, #60H             
0132 7B70             11     MOV R3, #70H
0134 7F08             12     MOV R7, #08H
0136                  13     LOOP1:
0136                  14     MOV A, @R2
*** ________________________________^
*** _________________________________^
*** ERROR #A4 IN 14 (SORT.asm, LINE 14): BAD INDIRECT REGISTER
*** ERROR #A9 IN 14 (SORT.asm, LINE 14): SYNTAX ERROR
0136                  15     MOV @R3, A
*** _____________________________^
*** ______________________________^
*** ERROR #A4 IN 15 (SORT.asm, LINE 15): BAD INDIRECT REGISTER
*** ERROR #A9 IN 15 (SORT.asm, LINE 15): SYNTAX ERROR
0136 0A               16     INC R2
0137 0B               17     INC R3
0138 DFFC             18     DJNZ R7, LOOP1
                      19     
013A 7908             20     MOV R1, #08              
013C 7870             21     LOOP3: MOV R0, #70H
013E AA01             22     MOV R2, 01H
0140 1A               23     DEC R2
0141 E6               24     LOOP2: MOV A, @R0   
0142 08               25     INC R0
0143 FB               26     MOV R3, A  
0144 C3               27     CLR C
0145 96               28     SUBB A, @R0  
0146 4004             29     JC NEXT  
0148 E6               30     MOV A, @R0  
0149                  31     MOV @R0, R3  
*** _____________________________^
*** ERROR #A40 IN 31 (SORT.asm, LINE 31): INVALID REGISTER
0149 18               32     DEC R0  
014A F6               33     MOV @R0, A  
014B 08               34     INC R0  
014C DAF3             35     NEXT: DJNZ R2, LOOP2  
014E D9EC             36     DJNZ R1, LOOP3
0150 22               37     RET
                      38     
                      39     END
                             
                             
A51 MACRO ASSEMBLER  SORT                                                                 01/17/2023 13:37:49 PAGE     2

SYMBOL TABLE LISTING
------ ----- -------


N A M E             T Y P E  V A L U E   ATTRIBUTES

HERE . . . . . . .  C ADDR   0102H   A   
LOOP1. . . . . . .  C ADDR   0136H   A   
LOOP2. . . . . . .  C ADDR   0141H   A   
LOOP3. . . . . . .  C ADDR   013CH   A   
MAIN . . . . . . .  C ADDR   0100H   A   
NEXT . . . . . . .  C ADDR   014CH   A   
SORT . . . . . . .  C ADDR   0130H   A   


REGISTER BANK(S) USED: 0 


ASSEMBLY COMPLETE.  0 WARNING(S), 6 ERROR(S)
